{
        "data" => [
    [0] {
                     "name" => "Example Co#2",
      "registration_number" => 987654321,
                "addresses" => [
        [0] {
               "street" => "789 Oak St",
                 "city" => "Chicago",
          "postal_code" => "60601",
              "country" => "USA"
        }
      ]
    }
  ],
  "pagination" => {
    "count" => 2,
    "pages" => 2,
    "limit" => 1,
     "page" => 2,
     "next" => nil,
     "prev" => 1
  }
}